                                            The SAS System           11:08 Sunday, January 7, 2024   1

SRT_reference
ƒƒƒƒƒƒƒƒƒƒƒƒƒƒƒƒƒƒƒƒƒƒƒƒƒƒƒƒƒƒƒƒƒƒƒƒƒƒƒƒƒƒƒƒƒƒƒƒƒƒƒƒƒƒƒƒƒƒƒƒƒƒƒƒƒƒƒƒƒƒƒƒƒƒƒƒƒƒƒƒƒƒƒƒƒƒƒƒƒƒƒƒƒƒƒƒƒƒƒƒƒƒ
COUNTY_CCD                                                                                            
LAB_RSLT                                                                                              
LAB_TEST                                                                                              
MAT_REC_ST                                                                                            
M_QTY                                                                                                 
OBS_METH_SUSC                                                                                         
O_NAICS                                                                                               
PHC_TYPE                                                                                              
P_LANG                                                                                                
P_OCCUP                                                                                               
P_RACE                                                                                                
P_RACE_CAT                                                                                            
RL_TYPE_PAT                                                                                           
S_JURDIC_C                                                                                            
S_PROGRA_C                                                                                            
                                            The SAS System           11:08 Sunday, January 7, 2024   2

                                                  PROCESS_
                                           Obs       UID

                                            1        61   
                                            The SAS System           11:08 Sunday, January 7, 2024   3

                                                  PROCESS_
                                           Obs       UID

                                            1        59   
